// Jest Snapshot v1, https://goo.gl/fbAQLP

exports[`matches snapshot 1`] = `
<div
  className="col"
>
  <h2>
    My Chats
  </h2>
  <hr />
</div>
`;
