// Jest Snapshot v1, https://goo.gl/fbAQLP

exports[`matches snapshot 1`] = `
<div
  className="b-taglist mt-2 row row-cols-md-auto"
/>
`;
