// Jest Snapshot v1, https://goo.gl/fbAQLP

exports[`matches snapshot 1`] = `
<div
  className="col-md-auto"
>
  <img
    alt="Moot"
    className="logo-access"
    src="logo.png"
  />
</div>
`;
