// Jest Snapshot v1, https://goo.gl/fbAQLP

exports[`matches snapshot 1`] = `
<div
  className="col"
>
  <div
    className="d-flex justify-content-center row"
  >
    <div
      className="col-md-auto"
    >
      <img
        alt="moot"
        className="logo-onboarding-mini"
        src="navlogo.png"
      />
    </div>
  </div>
  <div
    className="row"
  >
    <p>
      <br />
    </p>
    <p
      className="header-onboarding"
    >
      Next, you need to connect to telegram.
    </p>
    <p>
      <br />
    </p>
    <p
      className="subheader-onboarding"
    >
      Please click "Connect to Telegram" and enter the following command to the bot: /r 
      0
    </p>
    <p>
      <br />
    </p>
    <p
      className="subheader-onboarding"
    >
      You can choose to do this later, but you won't be able to use most of moot features until you've connected to telegram!
    </p>
    <p>
      <br />
    </p>
  </div>
  <div
    className="row"
  >
    <a
      className="btn-onboarding btn-link btn btn-primary"
      href="https://t.me/mootapp_bot"
      onClick={[Function]}
      onKeyDown={[Function]}
      rel="noopener noreferrer"
      target="_blank"
    >
      Connect to Telegram
    </a>
    <button
      className="btn-onboarding btn btn-primary"
      disabled={false}
      onClick={[Function]}
      type="button"
    >
      Proceed
    </button>
  </div>
  <div
    className="row"
  >
    <p>
      <br />
      <br />
    </p>
    <div
      className="progress"
    >
      <div
        aria-valuemax={100}
        aria-valuemin={0}
        aria-valuenow={50}
        className="progress-bar bg-info progress-bar-animated progress-bar-striped"
        role="progressbar"
        style={
          Object {
            "width": "50%",
          }
        }
      />
    </div>
    <p>
      <br />
    </p>
  </div>
</div>
`;
