// Jest Snapshot v1, https://goo.gl/fbAQLP

exports[`matches snapshot 1`] = `
<div
  className="col"
>
  <div
    className="d-flex justify-content-center row"
  >
    <div
      className="col-md-auto"
    >
      <img
        alt="moot"
        className="logo-onboarding"
        src="navlogo.png"
      />
    </div>
  </div>
  <div
    className="row"
  >
    <p>
      <br />
    </p>
    <p
      className="header-onboarding"
    >
      Welcome, 
      
      !
    </p>
    <p
      className="header-onboarding"
    >
      Let's get you started.
    </p>
    <p>
      <br />
    </p>
  </div>
  <div
    className="row"
  >
    <button
      className="btn-onboarding btn btn-primary"
      disabled={false}
      onClick={[Function]}
      type="button"
    >
      Begin Set-up
    </button>
  </div>
  <div
    className="row"
  >
    <p>
      <br />
      <br />
    </p>
    <div
      className="progress"
    >
      <div
        aria-valuemax={100}
        aria-valuemin={0}
        aria-valuenow={0}
        className="progress-bar bg-info progress-bar-animated progress-bar-striped"
        role="progressbar"
        style={
          Object {
            "width": "0%",
          }
        }
      />
    </div>
    <p>
      <br />
    </p>
  </div>
</div>
`;
