// Jest Snapshot v1, https://goo.gl/fbAQLP

exports[`matches snapshot 1`] = `
Array [
  <div
    className="row"
  >
    <div
      className="d-flex justify-content-start col"
    >
      <p
        className="text-post meta"
      >
        Posted by 
        an anonymous user
         on 
        0
        <br />
        <br />
      </p>
    </div>
  </div>,
  <div
    className="b-text-posttitle row"
  >
    <p
      className="text-post title"
    >
      test
    </p>
  </div>,
  <br />,
  <div
    className="b-text-postcontent row"
  >
    <p
      className="text-post content"
    >
      test
    </p>
  </div>,
  <div
    className="d-flex justify-content-end row"
  >
    <button
      className="btn-postexpand mt-3 btn btn-primary"
      disabled={false}
      onClick={[Function]}
      type="button"
    >
      Expand...
    </button>
  </div>,
]
`;
