// Jest Snapshot v1, https://goo.gl/fbAQLP

exports[`matches snapshot 1`] = `
<div
  className="row"
>
  <p
    className="d-flex justify-content-start text-post content"
  >
    This post has no comments.
  </p>
</div>
`;
