// Jest Snapshot v1, https://goo.gl/fbAQLP

exports[`matches snapshot 1`] = `
<div
  className="row"
>
  <div
    className="col"
  >
    <div
      className="row"
    >
      <p
        className="text-account"
      >
        Email
      </p>
    </div>
    <div
      className="row"
    >
      <form
        className=""
      >
        <div
          className="input-account-disabled mt-2 form-group"
        >
          <input
            className="input-text-account form-control"
            id="email"
            name="email"
            readOnly={true}
            type="text"
            value=""
          />
        </div>
      </form>
    </div>
  </div>
  <div
    className="col"
  >
    <div
      className="row"
    >
      <p
        className="text-account"
      >
        Telegram Handle
      </p>
    </div>
    <div
      className="row"
    >
      <form
        className=""
      >
        <div
          className="input-account-disabled mt-2 form-group"
        >
          <input
            className="input-text-account form-control"
            id="teleUser"
            name="teleUser"
            readOnly={true}
            type="text"
            value=""
          />
        </div>
      </form>
    </div>
  </div>
</div>
`;
