// Jest Snapshot v1, https://goo.gl/fbAQLP

exports[`matches snapshot 1`] = `
<div
  className="b-friendbox mb-2 row"
>
  <div
    className="b-text-friendbox col"
  >
    <div
      className="row"
    >
      <p
        className="text-friendbox heavy"
      >
        
      </p>
    </div>
    <div
      className="row"
    >
      <p
        className="text-friendbox light"
      >
        @
        
      </p>
    </div>
  </div>
  <div
    className="d-flex justify-content-end col-md-auto"
  >
    <button
      className="btn-friendchat btn btn-primary"
      disabled={false}
      onClick={[Function]}
      type="button"
    >
      View 
      
      's Posts
    </button>
  </div>
  <div
    className="d-flex justify-content-end col-md-auto"
  >
    <a
      className="btn-friendchat btn btn-primary"
      href="https://t.me/"
      onClick={[Function]}
      onKeyDown={[Function]}
      rel="noopener noreferrer"
      target="_blank"
    >
      Chat with 
      
    </a>
  </div>
</div>
`;
