// Jest Snapshot v1, https://goo.gl/fbAQLP

exports[`matches snapshot 1`] = `
<img
  alt=" "
  className="img-profile "
  onClick={[Function]}
  src="icon_frf.png"
/>
`;
